2026-04-28T16:37:22.312146009Z [inf]  
2026-04-28T16:37:22.312152220Z [inf]  > leadac-ai@0.1.0 workers
2026-04-28T16:37:22.312158474Z [inf]  > tsx src/workers/index.ts
2026-04-28T16:37:22.312180845Z [err]  npm warn config production Use `--omit=dev` instead.
2026-04-28T16:37:22.312184408Z [inf]  
2026-04-28T16:37:22.499706823Z [inf]  Starting Container
2026-04-28T16:37:23.492196761Z [inf]  [boot] worker supervisor v2 | REDIS_URL=set | redisHost=switchback.proxy.rlwy.net:37878 | DATABASE_URL=set | NODE_ENV=production
2026-04-28T16:37:23.494027812Z [inf]  
2026-04-28T16:37:23.698523353Z [inf]  
2026-04-28T16:37:24.752063501Z [inf]  
2026-04-28T16:37:24.752067219Z [inf]  
2026-04-28T16:37:24.858936493Z [inf]  
2026-04-28T16:37:24.865924253Z [inf]  
2026-04-28T16:37:25.323318042Z [inf]  
2026-04-28T16:37:25.386435589Z [inf]  
2026-04-28T16:37:25.386440071Z [inf]  
2026-04-28T16:37:25.386443309Z [inf]  
2026-04-28T16:37:25.387992653Z [inf]  
2026-04-28T16:37:25.412282997Z [inf]  
2026-04-28T16:37:25.418828804Z [inf]  
2026-04-28T16:37:25.520106240Z [inf]  
2026-04-28T16:37:25.522109802Z [inf]  
2026-04-28T16:37:25.664763976Z [inf]  
2026-04-28T16:37:25.664767870Z [inf]  
2026-04-28T16:37:25.664771717Z [inf]  
2026-04-28T16:37:25.664775453Z [inf]  
2026-04-28T16:37:25.664779346Z [inf]  
2026-04-28T16:37:25.664782813Z [inf]  
2026-04-28T16:37:55.747639999Z [inf]  
2026-04-28T16:37:55.748519737Z [inf]  
2026-04-28T16:37:55.748526444Z [inf]  
2026-04-28T16:37:55.748530244Z [inf]  
2026-04-28T16:37:56.058852152Z [inf]  
2026-04-28T16:37:56.118775927Z [inf]  
2026-04-28T16:37:56.179253731Z [inf]  
2026-04-28T16:37:56.186337527Z [inf]  
2026-04-28T16:37:56.279964226Z [inf]  
2026-04-28T16:37:56.763772730Z [inf]  
2026-04-28T16:37:56.763798958Z [inf]  
2026-04-28T16:37:56.763805581Z [inf]  
2026-04-28T16:37:56.763813376Z [inf]  
2026-04-28T16:37:56.763813471Z [inf]  
2026-04-28T16:37:56.849160223Z [inf]  
2026-04-28T16:37:56.989315581Z [inf]  
2026-04-28T16:37:56.989319002Z [inf]  
2026-04-28T16:37:57.030107856Z [inf]  
2026-04-28T16:37:57.030114902Z [inf]  
2026-04-28T16:37:57.074929748Z [inf]  
2026-04-28T16:37:57.155700561Z [inf]  
2026-04-28T16:37:57.159722592Z [inf]  
2026-04-28T16:37:57.197820395Z [inf]  
2026-04-28T16:37:57.824193013Z [inf]  
2026-04-28T16:37:57.941878829Z [inf]  
2026-04-28T16:37:57.941883330Z [inf]  
2026-04-28T16:38:28.370741476Z [inf]  
2026-04-28T16:38:28.370754946Z [inf]  
2026-04-28T16:38:28.370768241Z [inf]  
2026-04-28T16:38:28.370772506Z [inf]  
2026-04-28T16:38:28.370781147Z [inf]  
2026-04-28T16:38:28.370994600Z [inf]  
2026-04-28T16:38:28.370999162Z [inf]  
2026-04-28T16:38:28.371005775Z [inf]  
2026-04-28T16:38:28.371009334Z [inf]  
2026-04-28T16:38:28.371012731Z [inf]  
2026-04-28T16:38:28.371048259Z [inf]  
2026-04-28T16:38:28.371053067Z [inf]  
2026-04-28T16:38:28.372378806Z [inf]  
2026-04-28T16:38:28.372382034Z [inf]  
2026-04-28T16:38:28.372403374Z [inf]  
2026-04-28T16:38:28.372406924Z [inf]  
2026-04-28T16:38:28.373619607Z [inf]  
2026-04-28T16:38:28.373622632Z [inf]  
2026-04-28T16:38:28.373651648Z [inf]  
2026-04-28T16:38:28.375170523Z [inf]  
2026-04-28T16:38:28.375176762Z [inf]  
2026-04-28T16:38:28.375180142Z [inf]  
2026-04-28T16:38:28.375186458Z [inf]  
2026-04-28T16:38:28.376436216Z [inf]  
2026-04-28T16:38:28.376453122Z [inf]  
2026-04-28T16:38:28.376473791Z [inf]  
2026-04-28T16:38:28.376476608Z [inf]  
2026-04-28T16:38:28.377934062Z [inf]  
2026-04-28T16:38:28.378904382Z [inf]  
2026-04-28T16:38:28.378912009Z [inf]  
2026-04-28T16:38:28.378922340Z [inf]  
2026-04-28T16:38:28.378939261Z [inf]  
2026-04-28T16:38:28.380892130Z [inf]  
2026-04-28T16:38:28.380895582Z [inf]  
2026-04-28T16:38:28.380907457Z [inf]  
2026-04-28T16:38:28.380907720Z [inf]  
2026-04-28T16:38:28.381417919Z [inf]  
2026-04-28T16:38:28.381437132Z [inf]  
2026-04-28T16:38:28.382859534Z [inf]  
2026-04-28T16:38:28.382891263Z [inf]  
2026-04-28T16:38:28.382896963Z [inf]  
2026-04-28T16:38:28.382903672Z [inf]  
2026-04-28T16:38:28.384537420Z [inf]  
2026-04-28T16:38:28.384543612Z [inf]  
2026-04-28T16:38:28.384558136Z [inf]  
2026-04-28T16:38:28.384573215Z [inf]  
2026-04-28T16:38:28.386026750Z [inf]  
2026-04-28T16:38:28.386043074Z [inf]  
2026-04-28T16:38:28.386052210Z [inf]  
2026-04-28T16:38:28.386064395Z [inf]  
2026-04-28T16:38:28.387594442Z [inf]  
2026-04-28T16:38:28.387604577Z [inf]  
2026-04-28T16:38:28.387611513Z [inf]  
2026-04-28T16:38:28.387620656Z [inf]  
2026-04-28T16:38:28.389453559Z [inf]  
2026-04-28T16:38:28.389489923Z [inf]  
2026-04-28T16:38:28.389493013Z [inf]  
2026-04-28T16:38:28.389503001Z [inf]  
2026-04-28T16:38:28.520644815Z [inf]  
2026-04-28T16:38:28.526959106Z [inf]  
2026-04-28T16:39:29.175118893Z [inf]  
2026-04-28T16:39:29.175121936Z [inf]  
2026-04-28T16:39:29.175125184Z [inf]  
2026-04-28T16:39:29.175128430Z [inf]  
2026-04-28T16:39:29.175133123Z [inf]  
2026-04-28T16:39:29.175136500Z [inf]  
2026-04-28T16:39:29.175139822Z [inf]  
2026-04-28T16:39:29.175143373Z [inf]  
2026-04-28T16:39:29.175146532Z [inf]  
2026-04-28T16:39:29.175149811Z [inf]  
2026-04-28T16:39:29.175152951Z [inf]  
2026-04-28T16:39:29.176057547Z [inf]  
2026-04-28T16:39:29.176064592Z [inf]  
2026-04-28T16:39:29.176069058Z [inf]  
2026-04-28T16:39:29.176100078Z [inf]  
2026-04-28T16:39:29.176103414Z [inf]  
2026-04-28T16:39:29.176106346Z [inf]  
2026-04-28T16:39:29.176109446Z [inf]  
2026-04-28T16:39:29.176112403Z [inf]  
2026-04-28T16:39:29.176115236Z [inf]  
2026-04-28T16:39:29.176119118Z [inf]  
2026-04-28T16:39:29.177697579Z [inf]  
2026-04-28T16:39:29.177702081Z [inf]  
2026-04-28T16:39:29.177705154Z [inf]  
2026-04-28T16:39:29.177710802Z [inf]  
2026-04-28T16:39:29.177714030Z [inf]  
2026-04-28T16:39:29.177717242Z [inf]  
2026-04-28T16:39:29.177720650Z [inf]  
2026-04-28T16:39:29.177723868Z [inf]  
2026-04-28T16:39:29.177727247Z [inf]  
2026-04-28T16:39:29.177730367Z [inf]  
2026-04-28T16:39:29.179569854Z [inf]  
2026-04-28T16:39:29.179590958Z [inf]  
2026-04-28T16:39:29.179604607Z [inf]  
2026-04-28T16:39:29.179609684Z [inf]  
2026-04-28T16:39:29.179614056Z [inf]  
2026-04-28T16:39:29.179619097Z [inf]  
2026-04-28T16:39:29.179623755Z [inf]  
2026-04-28T16:39:29.179628202Z [inf]  
2026-04-28T16:39:29.179632885Z [inf]  
2026-04-28T16:39:29.179637482Z [inf]  
2026-04-28T16:39:29.179641653Z [inf]  
2026-04-28T16:39:29.181633411Z [inf]  
2026-04-28T16:39:29.181641183Z [inf]  
2026-04-28T16:39:29.181645735Z [inf]  
2026-04-28T16:39:29.181649753Z [inf]  
2026-04-28T16:39:29.181656803Z [inf]  
2026-04-28T16:39:29.181663280Z [inf]  
2026-04-28T16:39:29.181667249Z [inf]  
2026-04-28T16:39:29.181676721Z [inf]  
2026-04-28T16:39:29.181680930Z [inf]  
2026-04-28T16:39:29.181685074Z [inf]  
2026-04-28T16:39:29.183384738Z [inf]  
2026-04-28T16:39:29.183389685Z [inf]  
2026-04-28T16:39:29.183392895Z [inf]  
2026-04-28T16:39:29.183396318Z [inf]  
2026-04-28T16:39:29.185360125Z [inf]  
2026-04-28T16:39:29.185365765Z [inf]  
2026-04-28T16:39:29.185369437Z [inf]  
2026-04-28T16:39:29.185372760Z [inf]  
2026-04-28T16:39:29.185376987Z [inf]  
2026-04-28T16:39:29.185381220Z [inf]  
2026-04-28T16:39:29.185389286Z [inf]  
2026-04-28T16:39:29.185397535Z [inf]  
2026-04-28T16:39:29.185402653Z [inf]  
2026-04-28T16:39:29.185405681Z [inf]  
2026-04-28T16:39:29.187069991Z [inf]  
2026-04-28T16:39:29.187073289Z [inf]  
2026-04-28T16:39:29.187077322Z [inf]  
2026-04-28T16:39:29.187080648Z [inf]  
2026-04-28T16:39:29.187083966Z [inf]  
2026-04-28T16:39:29.187087431Z [inf]  
2026-04-28T16:39:29.187091134Z [inf]  
2026-04-28T16:39:29.187097519Z [inf]  
2026-04-28T16:39:29.189253028Z [inf]  
2026-04-28T16:39:29.189259225Z [inf]  
2026-04-28T16:39:29.189263355Z [inf]  
2026-04-28T16:39:29.189266831Z [inf]  
2026-04-28T16:39:29.189270188Z [inf]  
2026-04-28T16:39:29.189311081Z [inf]  
2026-04-28T16:39:29.189314734Z [inf]  
2026-04-28T16:39:29.189317342Z [inf]  
2026-04-28T16:39:29.189320047Z [inf]  
2026-04-28T16:39:29.189323370Z [inf]  
2026-04-28T16:39:29.190939960Z [inf]  
2026-04-28T16:39:29.190943386Z [inf]  
2026-04-28T16:39:29.190946791Z [inf]  
2026-04-28T16:39:29.190949832Z [inf]  
2026-04-28T16:39:29.190952497Z [inf]  
2026-04-28T16:39:29.190955298Z [inf]  
2026-04-28T16:39:29.190958107Z [inf]  
2026-04-28T16:39:29.190961034Z [inf]  
2026-04-28T16:39:29.190963669Z [inf]  
2026-04-28T16:39:29.190966381Z [inf]  
2026-04-28T16:39:29.190970762Z [inf]  
2026-04-28T16:39:29.190974155Z [inf]  
2026-04-28T16:39:29.192832017Z [inf]  
2026-04-28T16:39:29.192835662Z [inf]  
2026-04-28T16:39:29.192838905Z [inf]  
2026-04-28T16:39:29.192842087Z [inf]  
2026-04-28T16:39:29.192848298Z [inf]  
2026-04-28T16:39:29.192852947Z [inf]  
2026-04-28T16:39:29.192855899Z [inf]  
2026-04-28T16:39:29.192859119Z [inf]  
2026-04-28T16:39:29.192862144Z [inf]  
2026-04-28T16:39:29.194569130Z [inf]  
2026-04-28T16:39:29.194581308Z [inf]  
2026-04-28T16:39:29.194584485Z [inf]  
2026-04-28T16:39:29.194587709Z [inf]  
2026-04-28T16:39:29.194593685Z [inf]  
2026-04-28T16:39:29.194596842Z [inf]  
2026-04-28T16:39:29.194599874Z [inf]  
2026-04-28T16:39:29.194602938Z [inf]  
2026-04-28T16:39:29.194609220Z [inf]  
2026-04-28T16:39:29.196362283Z [inf]  
2026-04-28T16:39:29.196369543Z [inf]  
2026-04-28T16:39:29.196376039Z [inf]  
2026-04-28T16:39:29.196381057Z [inf]  
2026-04-28T16:39:29.196389022Z [inf]  
2026-04-28T16:39:29.196392852Z [inf]  
2026-04-28T16:39:29.196396325Z [inf]  
2026-04-28T16:39:29.196399769Z [inf]  
2026-04-28T16:39:29.196404678Z [inf]  
2026-04-28T16:39:29.196408122Z [inf]  
2026-04-28T16:39:29.196411218Z [inf]  
2026-04-28T16:39:29.198072667Z [inf]  
2026-04-28T16:39:29.198079867Z [inf]  
2026-04-28T16:39:29.198084825Z [inf]  
2026-04-28T16:39:29.198089065Z [inf]  
2026-04-28T16:39:29.198092776Z [inf]  
2026-04-28T16:39:29.198096573Z [inf]  
2026-04-28T16:39:29.198099914Z [inf]  
2026-04-28T16:39:29.198103210Z [inf]  
2026-04-28T16:39:29.198107965Z [inf]  
2026-04-28T16:39:29.198111955Z [inf]  
2026-04-28T16:39:29.198116888Z [inf]  
2026-04-28T16:39:29.198120440Z [inf]  
2026-04-28T16:39:29.199873024Z [inf]  
2026-04-28T16:39:29.199877668Z [inf]  
2026-04-28T16:39:29.199882564Z [inf]  
2026-04-28T16:39:29.199885393Z [inf]  
2026-04-28T16:39:29.199888476Z [inf]  
2026-04-28T16:39:29.199891792Z [inf]  
2026-04-28T16:39:29.199894460Z [inf]  
2026-04-28T16:39:29.199898199Z [inf]  
2026-04-28T16:39:29.199901034Z [inf]  
2026-04-28T16:39:29.199903717Z [inf]  
2026-04-28T16:39:29.199906355Z [inf]  
2026-04-28T16:39:29.201635680Z [inf]  
2026-04-28T16:39:29.201642293Z [inf]  
2026-04-28T16:39:29.201657082Z [inf]  
2026-04-28T16:39:29.201661522Z [inf]  
2026-04-28T16:39:29.201664641Z [inf]  
2026-04-28T16:39:29.201668254Z [inf]  
2026-04-28T16:39:29.201671356Z [inf]  
2026-04-28T16:39:29.201674524Z [inf]  
2026-04-28T16:39:29.207418011Z [inf]  
2026-04-28T16:39:29.303543668Z [inf]  
2026-04-28T16:39:29.310510010Z [inf]  
2026-04-28T16:40:29.796135936Z [inf]  
2026-04-28T16:40:29.796143940Z [inf]  
2026-04-28T16:40:29.796147920Z [inf]  
2026-04-28T16:40:29.796169723Z [inf]  
2026-04-28T16:40:29.796177666Z [inf]  
2026-04-28T16:40:29.796181413Z [inf]  
2026-04-28T16:40:29.796186268Z [inf]  
2026-04-28T16:40:29.796190817Z [inf]  
2026-04-28T16:40:29.796194384Z [inf]  
2026-04-28T16:40:29.796198679Z [inf]  
2026-04-28T16:40:29.797593636Z [inf]  
2026-04-28T16:40:29.797603286Z [inf]  
2026-04-28T16:40:29.797608581Z [inf]  
2026-04-28T16:40:29.797608940Z [inf]  
2026-04-28T16:40:29.797622633Z [inf]  
2026-04-28T16:40:29.797627578Z [inf]  
2026-04-28T16:40:29.797636454Z [inf]  
2026-04-28T16:40:29.797642654Z [inf]  
2026-04-28T16:40:29.797646083Z [inf]  
2026-04-28T16:40:29.797649798Z [inf]  
2026-04-28T16:40:29.798605972Z [inf]  
2026-04-28T16:40:29.798619170Z [inf]  
2026-04-28T16:40:29.798623773Z [inf]  
2026-04-28T16:40:29.798632081Z [inf]  
2026-04-28T16:40:29.798640292Z [inf]  
2026-04-28T16:40:29.798644797Z [inf]  
2026-04-28T16:40:29.798651308Z [inf]  
2026-04-28T16:40:29.800825904Z [inf]  
2026-04-28T16:40:29.800837504Z [inf]  
2026-04-28T16:40:29.800838883Z [inf]  
2026-04-28T16:40:29.800842370Z [inf]  
2026-04-28T16:40:29.800847427Z [inf]  
2026-04-28T16:40:29.800848493Z [inf]  
2026-04-28T16:40:29.800857147Z [inf]  
2026-04-28T16:40:29.800863893Z [inf]  
2026-04-28T16:40:29.802598196Z [inf]  
2026-04-28T16:40:29.802604471Z [inf]  
2026-04-28T16:40:29.802607460Z [inf]  
2026-04-28T16:40:29.802612081Z [inf]  
2026-04-28T16:40:29.802615288Z [inf]  
2026-04-28T16:40:29.804653768Z [inf]  
2026-04-28T16:40:29.804664318Z [inf]  
2026-04-28T16:40:29.804667705Z [inf]  
2026-04-28T16:40:29.804677175Z [inf]  
2026-04-28T16:40:29.804686584Z [inf]  
2026-04-28T16:40:29.806330612Z [inf]  
2026-04-28T16:40:29.806333281Z [inf]  
2026-04-28T16:40:29.806336085Z [inf]  
2026-04-28T16:40:29.806345095Z [inf]  
2026-04-28T16:40:29.806351035Z [inf]  
2026-04-28T16:40:29.806353693Z [inf]  
2026-04-28T16:40:29.806359793Z [inf]  
2026-04-28T16:40:29.808452000Z [inf]  
2026-04-28T16:40:29.808454788Z [inf]  
2026-04-28T16:40:29.808457674Z [inf]  
2026-04-28T16:40:29.808462975Z [inf]  
2026-04-28T16:40:29.808465763Z [inf]  
2026-04-28T16:40:29.810728745Z [inf]  
2026-04-28T16:40:29.810733942Z [inf]  
2026-04-28T16:40:29.810737203Z [inf]  
2026-04-28T16:40:29.810740330Z [inf]  
2026-04-28T16:40:29.810745056Z [inf]  
2026-04-28T16:40:29.810749141Z [inf]  
2026-04-28T16:40:29.810752433Z [inf]  
2026-04-28T16:40:29.810760520Z [inf]  
2026-04-28T16:40:29.810764849Z [inf]  
2026-04-28T16:40:29.810768637Z [inf]  
2026-04-28T16:40:29.812982283Z [inf]  
2026-04-28T16:40:29.812985605Z [inf]  
2026-04-28T16:40:29.812989396Z [inf]  
2026-04-28T16:40:29.812993316Z [inf]  
2026-04-28T16:40:29.812996582Z [inf]  
2026-04-28T16:40:29.812999991Z [inf]  
2026-04-28T16:40:29.813006057Z [inf]  
2026-04-28T16:40:29.813009480Z [inf]  
2026-04-28T16:40:29.813012817Z [inf]  
2026-04-28T16:40:29.815057253Z [inf]  
2026-04-28T16:40:29.815062347Z [inf]  
2026-04-28T16:40:29.815065638Z [inf]  
2026-04-28T16:40:29.815084369Z [inf]  
2026-04-28T16:40:29.815091356Z [inf]  
2026-04-28T16:40:29.816895516Z [inf]  
2026-04-28T16:40:29.816901981Z [inf]  
2026-04-28T16:40:29.891616541Z [inf]  
2026-04-28T16:40:30.030812556Z [inf]  
2026-04-28T16:40:30.030815990Z [inf]  
2026-04-28T16:40:30.039522635Z [inf]  
2026-04-28T16:40:30.046501537Z [inf]  
2026-04-28T16:40:30.066668228Z [inf]  
2026-04-28T16:40:30.277735422Z [inf]  
2026-04-28T16:40:31.225388254Z [inf]  
2026-04-28T16:40:31.233178944Z [inf]  
2026-04-28T16:40:32.064784634Z [inf]  
2026-04-28T16:40:32.064789635Z [inf]  
2026-04-28T16:40:32.160436379Z [inf]  
2026-04-28T16:40:32.188067659Z [inf]  
2026-04-28T16:40:32.195271832Z [inf]  
2026-04-28T16:40:32.204524015Z [inf]  
2026-04-28T16:40:32.249599762Z [inf]  
2026-04-28T16:40:32.289948837Z [inf]  
2026-04-28T16:40:32.291915015Z [inf]  
2026-04-28T16:40:32.756014891Z [inf]  
2026-04-28T16:40:33.015033339Z [inf]  
2026-04-28T16:40:33.128261200Z [inf]  
2026-04-28T16:40:33.142637652Z [inf]  
2026-04-28T16:40:33.293510857Z [inf]  
2026-04-28T16:40:33.293520175Z [inf]  
2026-04-28T16:40:53.280676509Z [inf]  
2026-04-28T16:40:53.280684937Z [inf]  
2026-04-28T16:40:53.280687996Z [inf]  
2026-04-28T16:41:13.283823259Z [inf]  
2026-04-28T16:41:13.283871256Z [inf]  
2026-04-28T16:41:17.287526673Z [inf]  
2026-04-28T16:41:17.287530226Z [inf]  
2026-04-28T16:41:19.575553965Z [inf]  
2026-04-28T16:41:19.577228848Z [inf]  
2026-04-28T16:41:21.717929039Z [inf]  
2026-04-28T16:41:21.722208610Z [inf]  
2026-04-28T16:41:21.818229621Z [inf]  
2026-04-28T16:41:21.823254117Z [inf]  
2026-04-28T16:41:21.846550047Z [inf]  
2026-04-28T16:41:21.859582234Z [inf]  
2026-04-28T16:41:22.336908357Z [inf]  
2026-04-28T16:41:22.759464962Z [inf]  
2026-04-28T16:41:22.759469472Z [inf]  
2026-04-28T16:41:22.783905387Z [inf]  
2026-04-28T16:41:22.826609941Z [inf]  
2026-04-28T16:41:22.884627941Z [inf]  
2026-04-28T16:41:22.891169515Z [inf]  
2026-04-28T16:41:22.917859648Z [inf]  
2026-04-28T16:41:22.924380281Z [inf]  
2026-04-28T16:41:23.338074112Z [inf]  
2026-04-28T16:41:23.828139557Z [inf]  
2026-04-28T16:41:23.950826945Z [inf]  
2026-04-28T16:41:24.337045214Z [inf]  
2026-04-28T16:41:24.337049278Z [inf]  
2026-04-28T16:41:24.337053176Z [inf]  
2026-04-28T16:41:24.337064019Z [inf]  
2026-04-28T16:41:24.706447192Z [inf]  
2026-04-28T16:41:24.887514625Z [inf]  
2026-04-28T16:41:24.956418466Z [inf]  
2026-04-28T16:41:25.349309240Z [inf]  
2026-04-28T16:41:25.349320002Z [inf]  
2026-04-28T16:41:25.426833263Z [inf]  
2026-04-28T16:41:25.958938537Z [inf]  
2026-04-28T16:41:25.958941665Z [inf]  
2026-04-28T16:41:26.357086471Z [inf]  
2026-04-28T16:41:26.357093344Z [inf]  
2026-04-28T16:41:26.357101220Z [inf]  
2026-04-28T16:41:26.357113454Z [inf]  
2026-04-28T16:41:26.357123486Z [inf]  
2026-04-28T16:41:26.357127036Z [inf]  
2026-04-28T16:41:26.490085833Z [inf]  
2026-04-28T16:41:27.349730948Z [inf]  
2026-04-28T16:41:27.349736422Z [inf]  
2026-04-28T16:41:27.349740964Z [inf]  
2026-04-28T16:41:27.349745626Z [inf]  
2026-04-28T16:41:27.349765235Z [inf]  
2026-04-28T16:41:27.350586451Z [inf]  
2026-04-28T16:41:27.597607323Z [inf]  
2026-04-28T16:41:28.364151299Z [inf]  
2026-04-28T16:41:28.364151357Z [inf]  
2026-04-28T16:41:28.364160081Z [inf]  
2026-04-28T16:41:28.364162261Z [inf]  
2026-04-28T16:41:28.364168017Z [inf]  
2026-04-28T16:41:28.364182361Z [inf]  
2026-04-28T16:41:28.364185308Z [inf]  
2026-04-28T16:41:28.364188686Z [inf]  
2026-04-28T16:41:28.364728289Z [inf]  
2026-04-28T16:41:28.541339868Z [inf]  
2026-04-28T16:41:28.704893186Z [inf]  
2026-04-28T16:41:28.704896523Z [inf]  
2026-04-28T16:41:29.367673280Z [inf]  
2026-04-28T16:41:29.383018187Z [inf]  
2026-04-28T16:41:29.390050473Z [inf]  
2026-04-28T16:41:29.759134165Z [inf]  
2026-04-28T16:41:29.766327203Z [inf]  
2026-04-28T16:41:30.436781979Z [inf]  
2026-04-28T16:41:32.585857910Z [inf]  
2026-04-28T16:41:32.625336646Z [inf]  
2026-04-28T16:41:34.592687257Z [inf]  
2026-04-28T16:41:34.740530623Z [inf]  
2026-04-28T16:41:34.740535427Z [inf]  
2026-04-28T16:41:35.758285273Z [err]  Crawl failed for https://flatironsteak.co.uk/restaurant/waterloo: page.content: Unable to retrieve content because the page is navigating and changing the content.
2026-04-28T16:41:36.452470905Z [inf]  
2026-04-28T16:41:37.682374367Z [inf]  
2026-04-28T16:41:37.825975834Z [inf]  
2026-04-28T16:41:37.825980481Z [inf]  
2026-04-28T16:41:39.581874206Z [inf]  
2026-04-28T16:41:40.681113636Z [err]  
2026-04-28T16:41:40.953292342Z [inf]  
2026-04-28T16:41:40.960153448Z [inf]  
2026-04-28T16:41:41.895369630Z [err]  
2026-04-28T16:41:42.042821409Z [inf]  
2026-04-28T16:41:42.664256850Z [inf]  
2026-04-28T16:41:42.721403296Z [inf]  
2026-04-28T16:41:42.735701772Z [err]  
2026-04-28T16:41:43.834222154Z [inf]  
2026-04-28T16:41:43.940328911Z [err]  
2026-04-28T16:41:44.097880826Z [inf]  
2026-04-28T16:41:46.671931554Z [err]  
2026-04-28T16:41:46.791975488Z [inf]  
2026-04-28T16:41:47.684004069Z [err]  
2026-04-28T16:41:47.684008227Z [err]  
2026-04-28T16:41:47.684011612Z [inf]  
2026-04-28T16:41:47.684015456Z [inf]  
2026-04-28T16:41:47.684019768Z [inf]  
2026-04-28T16:41:49.678779982Z [inf]  
2026-04-28T16:41:49.699519188Z [err]  
2026-04-28T16:41:49.840510619Z [inf]  
2026-04-28T16:41:50.728249537Z [inf]  
2026-04-28T16:41:50.728260514Z [inf]  